// Jest Snapshot v1, https://goo.gl/fbAQLP

exports[`renders an input with addon 1`] = `
<div
  onClick={[Function]}
>
  foo
</div>
`;

exports[`renders the expected markup 1`] = `
.emotion-3 {
  font-family: IBM Plex Sans,Lucida Grande,Tahoma,Verdana,Arial,sans-serif;
  font-size: 14px;
  line-height: 1.57;
  color: #2E3338;
  font-size: 14px;
  line-height: 1.57;
  color: #2E3338;
  vertical-align: top;
  display: -webkit-inline-box;
  display: -webkit-inline-flex;
  display: -ms-inline-flexbox;
  display: inline-flex;
  -webkit-align-items: center;
  -webkit-box-align: center;
  -ms-flex-align: center;
  align-items: center;
  border: 1px solid #8F9BA3;
  -webkit-transition: border 0.2s ease-in-out;
  transition: border 0.2s ease-in-out;
  border-radius: 2px;
  height: 32px;
  background-color: transparent;
  color: #2E3338;
}

.emotion-3:focus-within {
  border-color: #00c1bb;
}

.emotion-0 {
  border: 0;
  font-family: inherit;
  font-size: inherit;
  background-color: transparent;
  color: inherit;
  min-width: 0;
  -webkit-align-self: stretch;
  -ms-flex-item-align: stretch;
  align-self: stretch;
  -webkit-flex: 1;
  -ms-flex: 1;
  flex: 1;
  padding: 0 10px;
  box-shadow: none;
}

.emotion-0[type='number'],
.emotion-0[type='date'] {
  -moz-appearance: textfield;
  -webkit-appearance: none;
}

.emotion-0[type='number']::-webkit-outer-spin-button,
.emotion-0[type='date']::-webkit-outer-spin-button,
.emotion-0[type='number']::-webkit-inner-spin-button,
.emotion-0[type='date']::-webkit-inner-spin-button,
.emotion-0[type='number']::-webkit-calendar-picker-indicator,
.emotion-0[type='date']::-webkit-calendar-picker-indicator,
.emotion-0[type='number']::-webkit-inner-spin-button,
.emotion-0[type='date']::-webkit-inner-spin-button,
.emotion-0[type='number']::-webkit-clear-button,
.emotion-0[type='date']::-webkit-clear-button {
  -webkit-appearance: none;
  -webkit-appearance: none;
  -moz-appearance: none;
  appearance: none;
  margin: 0;
  display: none;
}

.emotion-0:focus {
  outline: 0;
}

.emotion-0:not(:last-child) {
  padding-right: 10px;
}

.emotion-0::-webkit-input-placeholder {
  color: #8F9BA3;
}

.emotion-0::-moz-placeholder {
  color: #8F9BA3;
}

.emotion-0:-ms-input-placeholder {
  color: #8F9BA3;
}

.emotion-0::placeholder {
  color: #8F9BA3;
}

.emotion-0:disabled::-webkit-input-placeholder {
  color: #C7CCD1;
}

.emotion-0:disabled::-moz-placeholder {
  color: #C7CCD1;
}

.emotion-0:disabled:-ms-input-placeholder {
  color: #C7CCD1;
}

.emotion-0:disabled::placeholder {
  color: #C7CCD1;
}

<InputText
  data-foo="bar"
>
  <ForwardRef
    className="emotion-5 emotion-2"
    data-foo="bar"
  >
    <ForwardRef(render)>
      <Container
        className="emotion-5 emotion-2"
        data-foo="bar"
        isInvalid={false}
      >
        <div
          className="emotion-2 emotion-3 emotion-4"
          data-foo="bar"
        >
          <Input
            onChange={[Function]}
            onInvalid={[Function]}
          >
            <input
              className="emotion-0 emotion-1"
              onChange={[Function]}
              onInvalid={[Function]}
            />
          </Input>
        </div>
      </Container>
    </ForwardRef(render)>
  </ForwardRef>
</InputText>
`;
