// Jest Snapshot v1, https://goo.gl/fbAQLP

exports[`exposes the right colors 1`] = `
Object {
  "aqua": "#1ED7D1",
  "black": "#121212",
  "blue": "#2E56BC",
  "brown": "#9A6051",
  "coral": "#F04E53",
  "emerald": "#00804F",
  "gray0": "#F8F8F8",
  "gray1": "#E3E6E8",
  "gray2": "#C7CCD1",
  "gray3": "#8F9BA3",
  "gray4": "#6C7983",
  "gray5": "#49535A",
  "gray6": "#2E3338",
  "gray7": "#1B1F22",
  "green": "#039849",
  "highlighted": "rgba(114, 195, 198, 0.3)",
  "lemon": "#EAE962",
  "lilac": "#9581BC",
  "lime": "#87C445",
  "link": "#72C3C6",
  "margenta": "#B22264",
  "orange": "#F9621E",
  "peach": "#F4A467",
  "pink": "#D72E8E",
  "purple": "#A8499A",
  "quidTeal": "#72C3C6",
  "red": "#E61E27",
  "rose": "#BF8092",
  "selected": "#72C3C6",
  "sky": "#A6DEF3",
  "tan": "#C1966B",
  "teal": "#317C85",
  "teal1000": "#0B5B5E",
  "teal300": "#91D1D4",
  "teal400": "#72C3C6",
  "teal840": "#13797D",
  "teal900": "#106F73",
  "white": "#FFFFFF",
  "yellow": "#FFCE03",
}
`;
