// Jest Snapshot v1, https://goo.gl/fbAQLP

exports[`returns a valid CSS 1`] = `
.emotion-0 {
  font-family: IBM Plex Sans,Lucida Grande,Tahoma,Verdana,Arial,sans-serif;
  font-size: 14px;
  line-height: 1.57;
  color: #2E3338;
  font-size: 14px;
  line-height: 1.57;
  color: #2E3338;
}

<T>
  <div
    className="emotion-0 emotion-1"
  />
</T>
`;

exports[`works with "withFallback" powered styles 1`] = `
.emotion-0 {
  font-family: IBM Plex Sans,Lucida Grande,Tahoma,Verdana,Arial,sans-serif;
  font-size: 14px;
  line-height: 1.57;
  color: #2E3338;
  color: #6C7983;
  color: #8F9BA3;
  color: #13797D;
  cursor: pointer;
  color: rgba(114,195,198,0.3);
  line-height: 1.57;
  font-family: IBM Plex Serif,Gudea,Lucida Grande,Tahoma,Verdana,Arial,sans-serif;
}

<T>
  <div
    className="emotion-0 emotion-1"
  />
</T>
`;
