// Jest Snapshot v1, https://goo.gl/fbAQLP

exports[`applies the expected class names 1`] = `
.emotion-5 {
  all: unset;
  display: inline-block;
  border-radius: 2px;
  -webkit-transition: 0.2s ease-in-out border-color;
  transition: 0.2s ease-in-out border-color;
  border: 1px solid #8F9BA3;
}

.emotion-5:focus-within {
  border-color: #72C3C6;
}

.emotion-5[data-invalid='true'] {
  border-color: #E61E27;
}

.emotion-3 {
  display: -webkit-box;
  display: -webkit-flex;
  display: -ms-flexbox;
  display: flex;
}

.emotion-3 .e1r1kjr12 {
  -webkit-flex: 1;
  -ms-flex: 1;
  flex: 1;
}

.emotion-0 {
  border-radius: 1px 0 0 1px;
  border-left: 0;
  border-top: 0;
  border-bottom: 0;
}

.emotion-1 {
  border-radius: 0;
  border-top: 0;
  border-bottom: 0;
}

.emotion-2 {
  border-radius: 0 1px 1px 0;
  border-right: 0;
  border-top: 0;
  border-bottom: 0;
}

<InputGroup>
  <fieldset
    className="emotion-5 emotion-6"
    data-invalid={false}
    onChange={[Function]}
    onInvalid={[Function]}
  >
    <FlexBox>
      <div
        className="emotion-3 emotion-4"
      >
        <span
          className="emotion-0"
          key=".$.0"
        />
        <span
          className="emotion-1"
          key=".$.1"
        />
        <span
          className="emotion-2"
          key=".$.2"
        />
      </div>
    </FlexBox>
  </fieldset>
</InputGroup>
`;
